192.168.1.1 - - [21/Apr/2026:20:00:01 +0000] "GET /api/v1/status HTTP/1.1" 200 123 "-" "Mozilla/5.0"
10.0.0.5 - - [21/Apr/2026:20:00:05 +0000] "POST /api/v1/order HTTP/1.1" 500 567 "-" "python-requests/2.25.1"
192.168.1.1 - - [21/Apr/2026:20:00:10 +0000] "GET /api/v1/status HTTP/1.1" 200 121 "-" "Mozilla/5.0"
45.76.135.253 - - [21/Apr/2026:20:00:15 +0000] "GET /index.html HTTP/1.1" 404 432 "-" "BotScanner/1.0"
10.0.0.5 - - [21/Apr/2026:20:00:20 +0000] "POST /api/v1/order HTTP/1.1" 200 890 "-" "python-requests/2.25.1"
192.168.1.20 - - [21/Apr/2026:20:00:25 +0000] "GET /api/v2/user HTTP/1.1" 200 450 "-" "Mozilla/5.0"
45.76.135.253 - - [21/Apr/2026:20:00:30 +0000] "GET /admin/config HTTP/1.1" 403 150 "-" "BotScanner/1.0"
192.168.1.1 - - [21/Apr/2026:20:00:35 +0000] "GET /api/v1/status HTTP/1.1" 200 123 "-" "Mozilla/5.0"
172.16.0.10 - - [21/Apr/2026:20:00:40 +0000] "GET /login HTTP/1.1" 200 1500 "-" "Mozilla/5.0"
10.0.0.5 - - [21/Apr/2026:20:00:45 +0000] "POST /api/v1/order HTTP/1.1" 200 888 "-" "python-requests/2.25.1"
192.168.1.1 - - [21/Apr/2026:20:01:01 +0000] "GET /api/v1/status HTTP/1.1" 200 123 "-" "Mozilla/5.0"
45.76.135.253 - - [21/Apr/2026:20:01:05 +0000] "GET /wp-login.php HTTP/1.1" 404 200 "-" "BotScanner/1.0"
192.168.1.20 - - [21/Apr/2026:20:01:10 +0000] "GET /api/v2/user HTTP/1.1" 200 450 "-" "Mozilla/5.0"
10.0.0.5 - - [21/Apr/2026:20:01:15 +0000] "POST /api/v1/order HTTP/1.1" 200 890 "-" "python-requests/2.25.1"
192.168.1.1 - - [21/Apr/2026:20:01:20 +0000] "GET /api/v1/status HTTP/1.1" 200 121 "-" "Mozilla/5.0"
172.16.0.10 - - [21/Apr/2026:20:01:25 +0000] "POST /login HTTP/1.1" 302 0 "-" "Mozilla/5.0"
45.76.135.253 - - [21/Apr/2026:20:01:30 +0000] "GET /backup.sql HTTP/1.1" 404 150 "-" "BotScanner/1.0"
192.168.1.50 - - [21/Apr/2026:20:01:35 +0000] "GET /static/style.css HTTP/1.1" 200 5400 "-" "Mozilla/5.0"
192.168.1.1 - - [21/Apr/2026:20:01:40 +0000] "GET /api/v1/status HTTP/1.1" 200 123 "-" "Mozilla/5.0"
10.0.0.5 - - [21/Apr/2026:20:01:45 +0000] "POST /api/v1/order HTTP/1.1" 500 567 "-" "python-requests/2.25.1"
8.8.8.8 - - [21/Apr/2026:20:02:01 +0000] "GET /dns-query HTTP/1.1" 200 44 "-" "GoogleBot/2.1"
192.168.1.1 - - [21/Apr/2026:20:02:05 +0000] "GET /api/v1/status HTTP/1.1" 200 123 "-" "Mozilla/5.0"
45.76.135.253 - - [21/Apr/2026:20:02:10 +0000] "POST /admin/upload HTTP/1.1" 403 150 "-" "BotScanner/1.0"
192.168.1.20 - - [21/Apr/2026:20:02:15 +0000] "GET /api/v2/user HTTP/1.1" 200 450 "-" "Mozilla/5.0"
10.0.0.5 - - [21/Apr/2026:20:02:20 +0000] "POST /api/v1/order HTTP/1.1" 200 890 "-" "python-requests/2.25.1"
172.16.0.10 - - [21/Apr/2026:20:02:25 +0000] "GET /dashboard HTTP/1.1" 200 12000 "-" "Mozilla/5.0"
192.168.1.1 - - [21/Apr/2026:20:02:30 +0000] "GET /api/v1/status HTTP/1.1" 200 123 "-" "Mozilla/5.0"
45.76.135.253 - - [21/Apr/2026:20:02:35 +0000] "GET /shell?cmd=ls HTTP/1.1" 404 150 "-" "BotScanner/1.0"
192.168.1.50 - - [21/Apr/2026:20:02:40 +0000] "GET /static/logo.png HTTP/1.1" 200 24000 "-" "Mozilla/5.0"
10.0.0.5 - - [21/Apr/2026:20:02:45 +0000] "POST /api/v1/order HTTP/1.1" 200 890 "-" "python-requests/2.25.1"
192.168.1.1 - - [21/Apr/2026:20:03:01 +0000] "GET /api/v1/status HTTP/1.1" 200 123 "-" "Mozilla/5.0"
192.168.1.20 - - [21/Apr/2026:20:03:05 +0000] "GET /api/v2/user HTTP/1.1" 200 450 "-" "Mozilla/5.0"
172.16.0.10 - - [21/Apr/2026:20:03:10 +0000] "GET /dashboard HTTP/1.1" 200 12000 "-" "Mozilla/5.0"
45.76.135.253 - - [21/Apr/2026:20:03:15 +0000] "GET /phpmyadmin HTTP/1.1" 404 150 "-" "BotScanner/1.0"
10.0.0.5 - - [21/Apr/2026:20:03:20 +0000] "POST /api/v1/order HTTP/1.1" 200 890 "-" "python-requests/2.25.1"
192.168.1.1 - - [21/Apr/2026:20:03:25 +0000] "GET /api/v1/status HTTP/1.1" 200 123 "-" "Mozilla/5.0"
192.168.1.50 - - [21/Apr/2026:20:03:30 +0000] "GET /static/main.js HTTP/1.1" 200 8900 "-" "Mozilla/5.0"
172.16.0.10 - - [21/Apr/2026:20:03:35 +0000] "GET /dashboard HTTP/1.1" 200 12000 "-" "Mozilla/5.0"
45.76.135.253 - - [21/Apr/2026:20:03:40 +0000] "GET /config.env HTTP/1.1" 404 150 "-" "BotScanner/1.0"
10.0.0.5 - - [21/Apr/2026:20:03:45 +0000] "POST /api/v1/order HTTP/1.1" 500 567 "-" "python-requests/2.25.1"
192.168.1.1 - - [21/Apr/2026:20:04:01 +0000] "GET /api/v1/status HTTP/1.1" 200 123 "-" "Mozilla/5.0"
192.168.1.20 - - [21/Apr/2026:20:04:05 +0000] "GET /api/v2/user HTTP/1.1" 200 450 "-" "Mozilla/5.0"
172.16.0.10 - - [21/Apr/2026:20:04:10 +0000] "GET /dashboard HTTP/1.1" 200 12000 "-" "Mozilla/5.0"
45.76.135.253 - - [21/Apr/2026:20:04:15 +0000] "GET /api/v1/status HTTP/1.1" 200 123 "-" "Mozilla/5.0"
10.0.0.5 - - [21/Apr/2026:20:04:20 +0000] "POST /api/v1/order HTTP/1.1" 200 890 "-" "python-requests/2.25.1"
192.168.1.1 - - [21/Apr/2026:20:04:25 +0000] "GET /api/v1/status HTTP/1.1" 200 123 "-" "Mozilla/5.0"
192.168.1.50 - - [21/Apr/2026:20:04:30 +0000] "GET /favicon.ico HTTP/1.1" 404 50 "-" "Mozilla/5.0"
172.16.0.10 - - [21/Apr/2026:20:04:35 +0000] "GET /dashboard HTTP/1.1" 200 12000 "-" "Mozilla/5.0"
45.76.135.253 - - [21/Apr/2026:20:04:40 +0000] "GET /admin HTTP/1.1" 403 150 "-" "BotScanner/1.0"
10.0.0.5 - - [21/Apr/2026:20:04:45 +0000] "POST /api/v1/order HTTP/1.1" 200 890 "-" "python-requests/2.25.1"
192.168.1.1 - - [21/Apr/2026:20:05:01 +0000] "GET /api/v1/status HTTP/1.1" 200 123 "-" "Mozilla/5.0"
192.168.1.20 - - [21/Apr/2026:20:05:05 +0000] "GET /api/v2/user HTTP/1.1" 200 450 "-" "Mozilla/5.0"
172.16.0.10 - - [21/Apr/2026:20:05:10 +0000] "GET /dashboard HTTP/1.1" 200 12000 "-" "Mozilla/5.0"
45.76.135.253 - - [21/Apr/2026:20:05:15 +0000] "DELETE /api/v1/user/101 HTTP/1.1" 403 50 "-" "BotScanner/1.0"
10.0.0.5 - - [21/Apr/2026:20:05:20 +0000] "POST /api/v1/order HTTP/1.1" 200 890 "-" "python-requests/2.25.1"
192.168.1.1 - - [21/Apr/2026:20:05:25 +0000] "GET /api/v1/status HTTP/1.1" 200 123 "-" "Mozilla/5.0"
192.168.1.50 - - [21/Apr/2026:20:05:30 +0000] "GET /static/style.css HTTP/1.1" 200 5400 "-" "Mozilla/5.0"
172.16.0.10 - - [21/Apr/2026:20:05:35 +0000] "GET /dashboard HTTP/1.1" 200 12000 "-" "Mozilla/5.0"
45.76.135.253 - - [21/Apr/2026:20:05:40 +0000] "GET /index.html HTTP/1.1" 200 432 "-" "Mozilla/5.0"
10.0.0.5 - - [21/Apr/2026:20:05:45 +0000] "POST /api/v1/order HTTP/1.1" 200 890 "-" "python-requests/2.25.1"
192.168.1.1 - - [21/Apr/2026:20:06:01 +0000] "GET /api/v1/status HTTP/1.1" 200 123 "-" "Mozilla/5.0"
192.168.1.20 - - [21/Apr/2026:20:06:05 +0000] "GET /api/v2/user HTTP/1.1" 200 450 "-" "Mozilla/5.0"
172.16.0.10 - - [21/Apr/2026:20:06:10 +0000] "GET /dashboard HTTP/1.1" 200 12000 "-" "Mozilla/5.0"
45.76.135.253 - - [21/Apr/2026:20:06:15 +0000] "GET /api/v1/status HTTP/1.1" 200 123 "-" "Mozilla/5.0"
10.0.0.5 - - [21/Apr/2026:20:06:20 +0000] "POST /api/v1/order HTTP/1.1" 200 890 "-" "python-requests/2.25.1"
192.168.1.1 - - [21/Apr/2026:20:06:25 +0000] "GET /api/v1/status HTTP/1.1" 200 123 "-" "Mozilla/5.0"
192.168.1.50 - - [21/Apr/2026:20:06:30 +0000] "GET /static/logo.png HTTP/1.1" 200 24000 "-" "Mozilla/5.0"
172.16.0.10 - - [21/Apr/2026:20:06:35 +0000] "GET /dashboard HTTP/1.1" 200 12000 "-" "Mozilla/5.0"
45.76.135.253 - - [21/Apr/2026:20:06:40 +0000] "GET /index.html HTTP/1.1" 200 432 "-" "Mozilla/5.0"
10.0.0.5 - - [21/Apr/2026:20:06:45 +0000] "POST /api/v1/order HTTP/1.1" 500 567 "-" "python-requests/2.25.1"
192.168.1.1 - - [21/Apr/2026:20:07:01 +0000] "GET /api/v1/status HTTP/1.1" 200 123 "-" "Mozilla/5.0"
192.168.1.20 - - [21/Apr/2026:20:07:05 +0000] "GET /api/v2/user HTTP/1.1" 200 450 "-" "Mozilla/5.0"
172.16.0.10 - - [21/Apr/2026:20:07:10 +0000] "GET /dashboard HTTP/1.1" 200 12000 "-" "Mozilla/5.0"
45.76.135.253 - - [21/Apr/2026:20:07:15 +0000] "GET /api/v1/status HTTP/1.1" 200 123 "-" "Mozilla/5.0"
10.0.0.5 - - [21/Apr/2026:20:07:20 +0000] "POST /api/v1/order HTTP/1.1" 200 890 "-" "python-requests/2.25.1"
192.168.1.1 - - [21/Apr/2026:20:07:25 +0000] "GET /api/v1/status HTTP/1.1" 200 123 "-" "Mozilla/5.0"
192.168.1.50 - - [21/Apr/2026:20:07:30 +0000] "GET /static/main.js HTTP/1.1" 200 8900 "-" "Mozilla/5.0"
172.16.0.10 - - [21/Apr/2026:20:07:35 +0000] "GET /dashboard HTTP/1.1" 200 12000 "-" "Mozilla/5.0"
45.76.135.253 - - [21/Apr/2026:20:07:40 +0000] "GET /index.html HTTP/1.1" 200 432 "-" "Mozilla/5.0"
10.0.0.5 - - [21/Apr/2026:20:07:45 +0000] "POST /api/v1/order HTTP/1.1" 200 890 "-" "python-requests/2.25.1"
192.168.1.1 - - [21/Apr/2026:20:08:01 +0000] "GET /api/v1/status HTTP/1.1" 200 123 "-" "Mozilla/5.0"
192.168.1.20 - - [21/Apr/2026:20:08:05 +0000] "GET /api/v2/user HTTP/1.1" 200 450 "-" "Mozilla/5.0"
172.16.0.10 - - [21/Apr/2026:20:08:10 +0000] "GET /dashboard HTTP/1.1" 200 12000 "-" "Mozilla/5.0"
45.76.135.253 - - [21/Apr/2026:20:08:15 +0000] "GET /api/v1/status HTTP/1.1" 200 123 "-" "Mozilla/5.0"
10.0.0.5 - - [21/Apr/2026:20:08:20 +0000] "POST /api/v1/order HTTP/1.1" 200 890 "-" "python-requests/2.25.1"
192.168.1.1 - - [21/Apr/2026:20:08:25 +0000] "GET /api/v1/status HTTP/1.1" 200 123 "-" "Mozilla/5.0"
192.168.1.50 - - [21/Apr/2026:20:08:30 +0000] "GET /favicon.ico HTTP/1.1" 404 50 "-" "Mozilla/5.0"
172.16.0.10 - - [21/Apr/2026:20:08:35 +0000] "GET /dashboard HTTP/1.1" 200 12000 "-" "Mozilla/5.0"
45.76.135.253 - - [21/Apr/2026:20:08:40 +0000] "GET /index.html HTTP/1.1" 200 432 "-" "Mozilla/5.0"
10.0.0.5 - - [21/Apr/2026:20:08:45 +0000] "POST /api/v1/order HTTP/1.1" 200 890 "-" "python-requests/2.25.1"
192.168.1.1 - - [21/Apr/2026:20:09:01 +0000] "GET /api/v1/status HTTP/1.1" 200 123 "-" "Mozilla/5.0"
192.168.1.20 - - [21/Apr/2026:20:09:05 +0000] "GET /api/v2/user HTTP/1.1" 200 450 "-" "Mozilla/5.0"
172.16.0.10 - - [21/Apr/2026:20:09:10 +0000] "GET /dashboard HTTP/1.1" 200 12000 "-" "Mozilla/5.0"
45.76.135.253 - - [21/Apr/2026:20:09:15 +0000] "GET /api/v1/status HTTP/1.1" 200 123 "-" "Mozilla/5.0"
10.0.0.5 - - [21/Apr/2026:20:09:20 +0000] "POST /api/v1/order HTTP/1.1" 500 567 "-" "python-requests/2.25.1"
192.168.1.1 - - [21/Apr/2026:20:09:25 +0000] "GET /api/v1/status HTTP/1.1" 200 123 "-" "Mozilla/5.0"
192.168.1.50 - - [21/Apr/2026:20:09:30 +0000] "GET /static/style.css HTTP/1.1" 200 5400 "-" "Mozilla/5.0"
172.16.0.10 - - [21/Apr/2026:20:09:35 +0000] "GET /dashboard HTTP/1.1" 200 12000 "-" "Mozilla/5.0"
45.76.135.253 - - [21/Apr/2026:20:09:40 +0000] "GET /index.html HTTP/1.1" 200 432 "-" "Mozilla/5.0"
10.0.0.5 - - [21/Apr/2026:20:09:45 +0000] "POST /api/v1/order HTTP/1.1" 200 890 "-" "python-requests/2.25.1"